48 = 0
49 = 1
50 = 2
51 = 3
52 = 4
53 = 5
54 = 6
55 = 7
56 = 8
57 = 9
97 = 10
66 = 11
99 = 12
68 = 13
101 = 14
70 = 15
0
1
2
3
4
5
6
7
8
9
a
b
c
d
e
f
