gy * 5 = 4
gx = 15112221349535400772501151409588531511454012693041857206046113283949847762202
gy = 46316835694926478169428394003475163141307993866256225615783033603165251855960
Alice's secret = 3c022502fab4dc16468bf32771421fd42bbd761d0cb884f98221cf85326a56d7
Bob's secret = 3c022502fab4dc16468bf32771421fd42bbd761d0cb884f98221cf85326a56d7
Passed
