value = deadbeef
little-endian: efbeadde
big-endian: deadbeef
