40526919504877216755680601905432322134980384796226602145184481280000000000000
