sqrt(-1) mod 2**255 - 19 = 38214883241950591754978413199355411911188925816896391856984770930832735035197
