2 8
2 8
2 8
5 8
5 8
5 8
14 8
14 8
14 8
14 8
14 14
14 14
14 14
14 14
14 14
