Using manhattan distance.
239
Using magnitude distance.
32
