ABCE
Cleaned up graph 0
Cleaned up node 0
Cleaned up edge 2
Cleaned up edge 4
Cleaned up edge 6
Cleaned up edge 0
Cleaned up node 1
Cleaned up edge 3
Cleaned up edge 1
Cleaned up node 2
Cleaned up edge 8
Cleaned up edge 5
Cleaned up node 3
Cleaned up edge 7
Cleaned up node 4
Cleaned up node 5
