{name = Alice, age = 32}
{name = Bob, age = 32}
{name = Fred, age = 44}
{name = Dave, age = 56}
