popped B 0
Destroying B 6
popped B 1
Destroying B 1
popped B 8
Destroying B 2
popped B 10
Destroying B 7
popped B 33
Destroying B 5
popped B 83
Destroying B 0
popped B 123
Destroying B 3
popped B 929
Destroying B 4
popped C 929
Destroying C 4
popped C 123
Destroying C 3
popped C 83
Destroying C 0
popped C 33
Destroying C 5
popped C 10
Destroying C 7
popped C 8
Destroying C 2
popped C 1
Destroying C 1
popped C 0
Destroying C 6
Destroying A 0
Destroying B 1
Destroying B 3
Destroying B 0
Destroying B 6
Destroying B 2
Destroying B 4
Destroying B 5
Destroying B 7
