Adam
    Cain
    Alice
    Bob
Eve
    Cain
    Alice
    Bob
