{rows = 3, cols = 3, m = [[2u64, 6u64, 10u64], [6u64, 10u64, 14u64], [10u64, 14u64, 18u64]]}
