((0i64, 0i64), (100i64, 200i64))
(0i64, 0i64)
(100i64, 200i64)
