Destroying Bar 0
Destroying Foo 0
Destroying Foo 1
Destroying Bar 1
