[1u32, 2u32, 3u32, 4u32]
[1u32, 2u32, 3u32, 4u32]
[["Bill", "David"], ["Mary", "Sally"]]
[["Bill", "David"], ["Mary", "Sally"]]
