Bob has 3 children
Alice has 2 children
Carla has 1 children
Charlie destroyed
David destroyed
