b = 6f56df77800000000000000000000000000000000000000
c = 6f56df77800000000000000000000000000000000000000
