(1i32, 2i32)
(3i64, 4i64)
(0i32, 0i32)
(1i64, 2i64)
(3i64, 2i64)
(3i64, 4i64)
