{x = 10, y = 15}
{x = 10, y = 15}
{x = 10, y = 15}
