[[1u64, 2u64], [3u64, 4u64]]
[[1u64, 3u64], [2u64, 4u64]]
