            L1
        N1
            L2
    N3
            L3
        N2
            L4
root
        L5
    N4
