Recursing with (((((((((((((((((((())))))))))))))))))))
Recursing with ((((((((((((((((((()))))))))))))))))))
Recursing with (((((((((((((((((())))))))))))))))))
Recursing with ((((((((((((((((()))))))))))))))))
Recursing with (((((((((((((((())))))))))))))))
Recursing with ((((((((((((((()))))))))))))))
Recursing with (((((((((((((())))))))))))))
Recursing with ((((((((((((()))))))))))))
Recursing with (((((((((((())))))))))))
Recursing with ((((((((((()))))))))))
Recursing with (((((((((())))))))))
Recursing with ((((((((()))))))))
Recursing with (((((((())))))))
Recursing with ((((((()))))))
Recursing with (((((())))))
Recursing with ((((()))))
Recursing with (((())))
Recursing with ((()))
Recursing with (())
x is the empty tuple: ()
20
a = ((()))
b = (((())))
c = a + b = (((((())))))
c - b = ((()))
2*c = ((((((((((()))))))))))
2*c = ((((((((((()))))))))))
c*2 = ((((((((((()))))))))))
2*c == c*2: true
