Destroying Alice64
Destroying Bob64
Destroying Alice32
Destroying Bob32
Destroying Alice16
Destroying Bob16
Destroying Alice8
Destroying Bob8
