Destroying Alice
Destroying Bob
Destroying Charlie
