modulus = 57896044618658097711785492504343953926634992332820282019728792003956564819949
d = 37095705934669439343138083508754565189542113879843219016388785533085940283555
gy * 5 = 4
x = 15112221349535400772501151409588531511454012693041857206046113283949847762202, y = 46316835694926478169428394003475163141307993866256225615783033603165251855960
